// Jest Snapshot v1, https://goo.gl/fbAQLP

exports[`RegisterPage should match snapshot 1`] = `
<DocumentFragment>
  <div
    data-testid="mock-register-component"
  >
    Register Component
  </div>
</DocumentFragment>
`;
