// Jest Snapshot v1, https://goo.gl/fbAQLP

exports[`LocationMap matches snapshot 1`] = `
<DocumentFragment>
  <div
    class="bg-white p-6 rounded-xl shadow-md mb-12"
    data-testid="location-map-container"
  >
    <h2
      class="text-2xl font-bold text-gray-900 mb-4"
    >
      Ubicación
    </h2>
    <div
      class="h-96 w-full rounded-lg overflow-hidden"
      data-testid="map-container"
    >
      <iframe
        data-testid="map-iframe"
        height="100%"
        src="https://maps.google.com/maps?q=40.7128,-74.006&z=15&output=embed"
        title="Ubicación del evento"
        width="100%"
      />
    </div>
  </div>
</DocumentFragment>
`;
