// Jest Snapshot v1, https://goo.gl/fbAQLP

exports[`PresentationManagerCard matches snapshot 1`] = `
<DocumentFragment>
  <div
    class="group flex flex-col md:flex-row bg-white rounded-lg border border-gray-200 overflow-hidden hover:shadow-md transition-all duration-200"
    data-testid="presentation-card"
  >
    <div
      class="relative w-full h-40 md:w-48 md:h-32 lg:w-56 lg:h-36 flex-shrink-0"
    >
      <img
        alt="Test Event"
        class="w-full h-full object-cover group-hover:scale-105 transition-transform duration-300"
        sizes="(max-width: 768px) 100vw, (max-width: 1024px) 200px, 250px"
        src="/banner.jpg"
      />
      <button
        class="absolute top-2 right-2 bg-red-500 hover:bg-red-600 text-white rounded-full p-2 opacity-0 group-hover:opacity-100 transition-all duration-200 shadow-lg"
        data-testid="delete-button"
        title="Eliminar presentación"
      >
        <svg
          aria-hidden="true"
          class="lucide lucide-trash w-4 h-4"
          fill="none"
          height="24"
          stroke="currentColor"
          stroke-linecap="round"
          stroke-linejoin="round"
          stroke-width="2"
          viewBox="0 0 24 24"
          width="24"
          xmlns="http://www.w3.org/2000/svg"
        >
          <path
            d="M3 6h18"
          />
          <path
            d="M19 6v14c0 1-1 2-2 2H7c-1 0-2-1-2-2V6"
          />
          <path
            d="M8 6V4c0-1 1-2 2-2h4c1 0 2 1 2 2v2"
          />
        </svg>
      </button>
    </div>
    <div
      class="flex-1 p-4 md:p-6 flex flex-col lg:flex-row justify-between gap-4"
    >
      <div
        class="flex-1 min-w-0"
      >
        <h3
          class="text-lg md:text-xl font-bold text-gray-900 mb-2 md:mb-3 group-hover:text-blue-600 transition-colors line-clamp-1"
        >
          Test Event
        </h3>
        <div
          class="grid grid-cols-1 md:grid-cols-2 gap-3 text-sm"
        >
          <div
            class="flex items-center text-gray-600"
          >
            <svg
              class="w-4 h-4 mr-2 text-blue-600 flex-shrink-0"
              fill="none"
              stroke="currentColor"
              viewBox="0 0 24 24"
            >
              <path
                d="M8 7V3a1 1 0 011-1h6a1 1 0 011 1v4m3 0V6a2 2 0 00-2-2H7a2 2 0 00-2 2v1m16 0v12a2 2 0 01-2 2H5a2 2 0 01-2-2V7h16z"
                stroke-linecap="round"
                stroke-linejoin="round"
                stroke-width="2"
              />
            </svg>
            <span
              class="font-medium"
            >
              Formatted: 2023-12-01T20:00:00Z
            </span>
          </div>
          <div
            class="flex items-center text-gray-600"
          >
            <svg
              class="w-4 h-4 mr-2 text-blue-600 flex-shrink-0"
              fill="none"
              stroke="currentColor"
              viewBox="0 0 24 24"
            >
              <path
                d="M17.657 16.657L13.414 20.9a1.998 1.998 0 01-2.827 0l-4.244-4.243a8 8 0 1111.314 0z"
                stroke-linecap="round"
                stroke-linejoin="round"
                stroke-width="2"
              />
              <path
                d="M15 11a3 3 0 11-6 0 3 3 0 016 0z"
                stroke-linecap="round"
                stroke-linejoin="round"
                stroke-width="2"
              />
            </svg>
            <span>
              Bogotá
            </span>
          </div>
          <div
            class="flex items-center text-gray-600"
          >
            <svg
              class="w-4 h-4 mr-2 text-blue-600 flex-shrink-0"
              fill="none"
              stroke="currentColor"
              viewBox="0 0 24 24"
            >
              <path
                d="M17 20h5v-2a3 3 0 00-5.356-1.857M17 20H7m10 0v-2c0-.656-.126-1.283-.356-1.857M7 20H2v-2a3 3 0 015.356-1.857M7 20v-2c0-.656.126-1.283.356-1.857m0 0a5.002 5.002 0 019.288 0M15 7a3 3 0 11-6 0 3 3 0 016 0zm6 3a2 2 0 11-4 0 2 2 0 014 0zM7 10a2 2 0 11-4 0 2 2 0 014 0z"
                stroke-linecap="round"
                stroke-linejoin="round"
                stroke-width="2"
              />
            </svg>
            <span>
              100 asientos
            </span>
          </div>
          <div
            class="flex items-center text-gray-600"
          >
            <svg
              class="w-4 h-4 mr-2 text-green-600 flex-shrink-0"
              fill="none"
              stroke="currentColor"
              viewBox="0 0 24 24"
            >
              <path
                d="M12 8c-1.657 0-3 .895-3 2s1.343 2 3 2 3 .895 3 2-1.343 2-3 2m0-8c1.11 0 2.08.402 2.599 1M12 8V7m0 1v8m0 0v1m0-1c-1.11 0-2.08-.402-2.599-1"
                stroke-linecap="round"
                stroke-linejoin="round"
                stroke-width="2"
              />
            </svg>
            <span
              class="font-semibold text-green-600"
            >
              $5.000
            </span>
          </div>
        </div>
        <p
          class="text-sm text-gray-500 mt-3 line-clamp-2"
        >
          Test description
        </p>
      </div>
      <div
        class="flex flex-col gap-2 flex-shrink-0 self-end md:self-center min-w-[150px]"
      >
        <a
          href="/presentation/pres-123"
        >
          <button
            class="bg-blue-600 text-white px-4 py-2 rounded-lg font-medium hover:bg-blue-700 transition-all duration-200 w-full text-center text-sm"
          >
            Ver Presentación
          </button>
        </a>
        <a
          href="/event-manager/presentation/manage/event-123?editId=pres-123"
        >
          <button
            class="bg-gray-100 text-gray-700 px-4 py-2 rounded-lg font-medium hover:bg-gray-200 transition-all duration-200 w-full text-center text-sm border border-gray-300"
          >
            Editar
          </button>
        </a>
      </div>
    </div>
  </div>
</DocumentFragment>
`;
