// Jest Snapshot v1, https://goo.gl/fbAQLP

exports[`PresentationCard matches snapshot 1`] = `
<DocumentFragment>
  <div
    class="group flex flex-col md:flex-row bg-gray-50 rounded-lg overflow-hidden hover:shadow-md transition-all duration-200 hover:bg-gray-100"
    data-testid="presentation-card"
  >
    <div
      class="relative w-full h-40 md:w-48 md:h-32 lg:w-56 lg:h-36 flex-shrink-0"
      data-testid="image-container"
    >
      <img
        alt="Test Presentation"
        class="w-full h-full object-cover group-hover:scale-105 transition-transform duration-300"
        data-testid="presentation-image"
        sizes="(max-width: 768px) 100vw, (max-width: 1024px) 200px, 250px"
        src="/banner.jpg"
        style="position: absolute; height: 100%; width: 100%; object-fit: cover;"
      />
    </div>
    <div
      class="flex-1 p-4 md:p-6 flex flex-col lg:flex-row justify-between gap-4"
    >
      <div
        class="flex-1 min-w-0"
      >
        <h3
          class="text-lg md:text-xl font-bold text-gray-900 mb-2 md:mb-3 group-hover:text-brand transition-colors line-clamp-1"
        >
          Test Presentation
        </h3>
        <div
          class="space-y-2"
        >
          <div
            class="flex items-center text-gray-600"
          >
            <svg
              class="w-4 h-4 mr-2 text-brand flex-shrink-0"
              fill="none"
              stroke="currentColor"
              viewBox="0 0 24 24"
            >
              <path
                d="M8 7V3a1 1 0 011-1h6a1 1 0 011 1v4m3 0V6a2 2 0 00-2-2H7a2 2 0 00-2 2v1m16 0v12a2 2 0 01-2 2H5a2 2 0 01-2-2V7h16z"
                stroke-linecap="round"
                stroke-linejoin="round"
                stroke-width="2"
              />
            </svg>
            <span
              class="text-sm font-medium line-clamp-1"
              data-testid="presentation-date"
            >
              Formatted: 2023-01-01T20:00:00Z
            </span>
          </div>
          <div
            class="flex items-center text-gray-600"
          >
            <svg
              class="w-4 h-4 mr-2 text-brand flex-shrink-0"
              fill="none"
              stroke="currentColor"
              viewBox="0 0 24 24"
            >
              <path
                d="M17.657 16.657L13.414 20.9a1.998 1.998 0 01-2.827 0l-4.244-4.243a8 8 0 1111.314 0z"
                stroke-linecap="round"
                stroke-linejoin="round"
                stroke-width="2"
              />
              <path
                d="M15 11a3 3 0 11-6 0 3 3 0 016 0z"
                stroke-linecap="round"
                stroke-linejoin="round"
                stroke-width="2"
              />
            </svg>
            <span
              class="text-sm line-clamp-1"
            >
              <span
                class="text-gray-400 mx-1 hidden md:inline"
              >
                â€¢
              </span>
              <span
                data-testid="presentation-location"
              >
                New York
              </span>
            </span>
          </div>
          <p
            class="text-sm text-gray-500 mt-2 line-clamp-2"
            data-testid="presentation-description"
          >
            This is a test presentation description that might be long.
          </p>
        </div>
      </div>
    </div>
  </div>
</DocumentFragment>
`;
