// Jest Snapshot v1, https://goo.gl/fbAQLP

exports[`PriceCard matches snapshot 1`] = `
<DocumentFragment>
  <div
    class="bg-white p-6 rounded-xl shadow-md"
    data-testid="price-card"
  >
    <div
      class="flex justify-between items-center"
    >
      <span
        class="text-lg font-semibold text-gray-700"
      >
        Asiento General
      </span>
      <span
        class="text-xl font-bold text-blue-600"
        data-testid="presentation-price"
      >
        $49.99
      </span>
    </div>
  </div>
</DocumentFragment>
`;
