// Jest Snapshot v1, https://goo.gl/fbAQLP

exports[`should match snapshot 1`] = `
<DocumentFragment>
  <div
    class="flex items-center"
  >
    <div
      class="flex sm:invisible items-center justify-center p-2 rounded-full bg-gray-200"
    >
      <svg
        aria-hidden="true"
        class="lucide lucide-user h-5 w-5 text-gray-600"
        fill="none"
        height="24"
        stroke="currentColor"
        stroke-linecap="round"
        stroke-linejoin="round"
        stroke-width="2"
        viewBox="0 0 24 24"
        width="24"
        xmlns="http://www.w3.org/2000/svg"
      >
        <path
          d="M19 21v-2a4 4 0 0 0-4-4H9a4 4 0 0 0-4 4v2"
        />
        <circle
          cx="12"
          cy="7"
          r="4"
        />
      </svg>
    </div>
  </div>
</DocumentFragment>
`;
